[
        [
                {
                        "symbol": "_",
                        "items": []
                },
                {
                        "symbol": "_",
                        "items": []
                },
                {
                        "symbol": "_",
                        "items": []
                },
                {
                        "symbol": "_",
                        "items": []
                },
                {
                        "symbol": "_",
                        "items": []
                },
                {
                        "symbol": "_",
                        "items": []
                },
                {
                        "symbol": "_",
                        "items": []
                },
                {
                        "symbol": "_",
                        "items": []
                },
                {
                        "symbol": "_",
                        "items": []
                },
                {
                        "symbol": "_",
                        "items": []
                },
                {
                        "symbol": "_",
                        "items": []
                },
                {
                        "symbol": "_",
                        "items": []
                },
                {
                        "symbol": "_",
                        "items": []
                },
                {
                        "symbol": "_",
                        "items": []
                },
                {
                        "symbol": "_",
                        "items": []
                },
                {
                        "symbol": "_",
                        "items": []
                },
                {
                        "symbol": "_",
                        "items": []
                },
                {
                        "symbol": "_",
                        "items": []
                }
        ],
        [
                {
                        "symbol": "_",
                        "items": []
                },
                {
                        "symbol": "_",
                        "items": []
                },
                {
                        "symbol": "_",
                        "items": []
                },
                {
                        "symbol": "_",
                        "items": []
                },
                {
                        "symbol": "_",
                        "items": []
               },
                {
                        "symbol": "_",
                        "items": []
                },
                {
                        "symbol": "_",
                        "items": []
                },
                {
                        "symbol": "_",
                        "items": []
                },
                {
                        "symbol": "_",
                        "items": []
               },
                {
                        "symbol": "_",
                        "items": []
                },
                {
                        "symbol": "_",
                        "items": []
                },
                {
                        "symbol": "_",
                        "items": []
                },
                {
                        "symbol": "_",
                        "items": []
               },
                {
                        "symbol": "_",
                        "items": []
                },
                {
                        "symbol": "_",
                        "items": []
                },
                {
                        "symbol": "_",
                        "items": []
                },
                {
                        "symbol": "_",
                        "items": []
                },
                {
                        "symbol": "_",
                        "items": []
                }
        ],
        [
                {
                        "symbol": "_",
                        "items": []
                },
                {
                        "symbol": "_",
                        "items": []
                },
                {
                        "symbol": "_",
                        "items": []
                },
                {
                        "symbol": "_",
                        "items": []
                },
                {
                        "symbol": "_",
                        "items": []
                },
                {
                        "symbol": "*",
                        "items": []
                },
                {
                        "symbol": "*",
                        "items": []
                },
                {
                        "symbol": "*",
                        "items": []
                },
                {
                        "symbol": "*",
                        "items": []
                },
                {
                        "symbol": "*",
                        "items": []
                },
                {
                        "symbol": "*",
                        "items": []
                },
                {
                        "symbol": "*",
                        "items": []
                },
                {
                        "symbol": "*",
                        "items": []
                },
                {
                        "symbol": "_",
                        "items": []
                },
                {
                       "symbol": "_",
                        "items": []
                },
                {
                        "symbol": "_",
                        "items": []
                },
                {
                        "symbol": "_",
                        "items": []
                },
                {
                        "symbol": "_",
                        "items": []
                }
        ],
        [
                {
                        "symbol": "_",
                        "items": []
                },
                {
                        "symbol": "_",
                        "items": []
                },
                {
                        "symbol": "_",
                        "items": []
                },
                {
                        "symbol": "_",
                        "items": []
                },
                {
                        "symbol": "_",
                        "items": []
                },
                {
                        "symbol": "*",
                        "items": []
                },
                {
                        "symbol": "_",
                        "items": []
                },
                {
                        "symbol": "_",
                        "items": []
                },
                {
                        "symbol": "_",
                        "items": []
                },
                {
                        "symbol": "_",
                        "items": []
                },
                {
                        "symbol": "_",
                        "items": []
                },
                {
                        "symbol": "_",
                        "items": []
               },
                {
                        "symbol": "*",
                        "items": []
                },
                {
                        "symbol": "_",
                        "items": []
                },
                {
                        "symbol": "_",
                        "items": []
                },
                {
                        "symbol": "_",
                        "items": []
                },
                {
                        "symbol": "_",
                        "items": []
                },
                {
                        "symbol": "_",
                        "items": []
                }
        ],
        [
                {
                        "symbol": "_",
                        "items": []
                },
                {
                        "symbol": "_",
                        "items": []
                },
                {
                        "symbol": "_",
                        "items": []
                },
                {
                        "symbol": "_",
                        "items": []
                },
                {
                        "symbol": "_",
                        "items": []
                },
                {
                        "symbol": "*",
                        "items": []
                },
                {
                        "symbol": "_",
                        "items": []
                },
                {
                        "symbol": "_",
                        "items": []
                },
                {
                        "symbol": "_",
                        "items": [
                                "Red Coin"
                        ]
               },
                {
                        "symbol": "_",
                        "items": []
                },
                {
                        "symbol": "_",
                        "items": [
                                "Blue Coin"
                        ]
                },
                {
                        "symbol": "_",
                        "items": []
                },
                {
                       "symbol": "*",
                        "items": []
                },
                {
                        "symbol": "*",
                        "items": []
                },
                {
                        "symbol": "*",
                        "items": []
                },
                {
                        "symbol": "*",
                        "items": []
                },
                {
                       "symbol": "*",
                        "items": []
                },
                {
                        "symbol": "s",
                        "items": []
                }
        ],
        [
                {
                        "symbol": "_",
                        "items": []
                },
                {
                        "symbol": "_",
                        "items": []
               },
                {
                        "symbol": "_",
                        "items": []
                },
                {
                        "symbol": "_",
                        "items": []
                },
                {
                        "symbol": "_",
                        "items": []
                },
                {
                        "symbol": "d",
                        "items": [],
                        "requires": [
                                "Green Coin"
                        ]
                },
                {
                        "symbol": "_",
                        "items": []
                },
                {
                        "symbol": "_",
                        "items": []
                },
                {
                        "symbol": "_",
                        "items": []
                },
                {
                        "symbol": "_",
                        "items": []
                },
                {
                        "symbol": "_",
                        "items": []
                },
                {
                        "symbol": "_",
                        "items": []
                },
                {
                        "symbol": "*",
                        "items": []
                },
               {
                        "symbol": "_",
                        "items": []
                },
                {
                        "symbol": "_",
                        "items": []
                },
                {
                        "symbol": "_",
                        "items": []
                },
                {
                        "symbol": "_",
                        "items": []
                },
                {
                        "symbol": "_",
                        "items": []
                }
        ],
        [
                {
                        "symbol": "_",
                        "items": []
                },
                {
                        "symbol": "_",
                        "items": []
                },
                {
                        "symbol": "_",
                        "items": []
                },
                {
                        "symbol": "_",
                        "items": []
                },
                {
                        "symbol": "_",
                        "items": []
                },
                {
                        "symbol": "d",
                        "items": [],
                        "require": ["Green Coin"]
                },
                {
                       "symbol": "_",
                        "items": []
                },
                {
                        "symbol": "_",
                        "items": []
                },
                {
                        "symbol": "_",
                        "items": []
                },
                {
                        "symbol": "_",
                        "items": []
                },
                {
                       "symbol": "_",
                        "items": []
                },
                {
                        "symbol": "_",
                        "items": []
                },
                {
                        "symbol": "*",
                        "items": []
                },
                {
                        "symbol": "_",
                        "items": []
                },
                {
                        "symbol": "_",
                        "items": []
                },
                {
                        "symbol": "_",
                        "items": []
                },
                {
                        "symbol": "_",
                        "items": []
                },
                {
                        "symbol": "_",
                        "items": []
                }
        ],
        [
                {
                        "symbol": "_",
                        "items": []
                },
                {
                        "symbol": "_",
                        "items": []
                },
                {
                        "symbol": "_",
                        "items": []
                },
                {
                        "symbol": "_",
                        "items": []
                },
                {
                        "symbol": "_",
                        "items": []
                },
                {
                        "symbol": "*",
                        "items": []
                },
                {
                        "symbol": "*",
                        "items": []
                },
                {
                        "symbol": "*",
                        "items": []
                },
                {
                        "symbol": "d",
                        "items": []
                },
                {
                        "symbol": "*",
                        "items": []
                },
                {
                        "symbol": "*",
                        "items": []
                },
                {
                        "symbol": "*",
                        "items": []
                },
                {
                        "symbol": "*",
                        "items": []
                },
                {
                        "symbol": "_",
                        "items": []
                },
                {
                        "symbol": "_",
                        "items": []
                },
                {
                        "symbol": "_",
                        "items": []
               },
                {
                        "symbol": "_",
                        "items": []
                },
                {
                        "symbol": "_",
                        "items": []
                }
        ],
        [
                {
                        "symbol": "_",
                        "items": []
                },
                {
                       "symbol": "_",
                        "items": []
                },
                {
                        "symbol": "_",
                        "items": []
                },
                {
                        "symbol": "_",
                        "items": []
                },
                {
                        "symbol": "_",
                        "items": []
                },
                {
                       "symbol": "_",
                        "items": []
                },
                {
                        "symbol": "_",
                        "items": []
                },
                {
                        "symbol": "_",
                        "items": []
                },
                {
                        "symbol": "_",
                        "items": []
                },
                {
                       "symbol": "_",
                        "items": []
                },
                {
                        "symbol": "*",
                        "items": []
                },
                {
                        "symbol": "_",
                        "items": []
                },
                {
                        "symbol": "_",
                        "items": []
                },
                {
                       "symbol": "_",
                        "items": []
                },
                {
                        "symbol": "_",
                        "items": []
                },
                {
                        "symbol": "_",
                        "items": []
                },
                {
                        "symbol": "_",
                        "items": []
                },
                {
                       "symbol": "_",
                        "items": []
                }
        ],
        [
                {
                        "symbol": "_",
                        "items": []
                },
                {
                        "symbol": "_",
                        "items": []
                },
                {
                        "symbol": "_",
                        "items": []
               },
                {
                        "symbol": "_",
                        "items": []
                },
                {
                        "symbol": "_",
                        "items": []
                },
                {
                        "symbol": "_",
                        "items": []
                },
                {
                        "symbol": "_",
                        "items": []
                },
                {
                        "symbol": "_",
                        "items": []
                },
                {
                        "symbol": "_",
                        "items": []
                },
                {
                        "symbol": "_",
                        "items": []
                },
                {
                        "symbol": "*",
                        "items": []
               },
                {
                        "symbol": "_",
                        "items": []
                },
                {
                        "symbol": "_",
                        "items": []
                },
                {
                        "symbol": "_",
                        "items": []
                },
                {
                        "symbol": "_",
                        "items": []
               },
                {
                        "symbol": "_",
                        "items": []
                },
                {
                        "symbol": "_",
                        "items": []
                },
                {
                        "symbol": "_",
                        "items": []
                }
        ],
        [
                {
                       "symbol": "_",
                        "items": []
                },
                {
                        "symbol": "_",
                        "items": []
                },
                {
                        "symbol": "_",
                        "items": []
                },
                {
                        "symbol": "_",
                        "items": []
                },
                {
                        "symbol": "_",
                        "items": []
                },
                {
                        "symbol": "_",
                        "items": []
                },
                {
                        "symbol": "_",
                        "items": []
                },
                {
                        "symbol": "_",
                        "items": []
                },
                {
                       "symbol": "_",
                        "items": []
                },
                {
                        "symbol": "_",
                        "items": []
                },
                {
                        "symbol": "d",
                        "items": []
                },
                {
                        "symbol": "_",
                        "items": []
                },
                {
                        "symbol": "_",
                        "items": []
                },
                {
                        "symbol": "_",
                        "items": []
                },
                {
                        "symbol": "_",
                        "items": []
                },
                {
                        "symbol": "_",
                        "items": []
                },
                {
                       "symbol": "_",
                        "items": []
                },
                {
                        "symbol": "_",
                        "items": []
                }
        ],
        [
                {
                        "symbol": "_",
                        "items": []
                },
                {
                        "symbol": "_",
                        "items": []
                },
                {
                        "symbol": "_",
                        "items": []
                },
                {
                        "symbol": "_",
                        "items": []
                },
                {
                        "symbol": "_",
                        "items": []
                },
                {
                        "symbol": "*",
                        "items": []
               },
                {
                        "symbol": "*",
                        "items": []
                },
                {
                        "symbol": "*",
                        "items": []
                },
                {
                        "symbol": "*",
                        "items": []
                },
                {
                        "symbol": "*",
                        "items": []
               },
                {
                        "symbol": "*",
                        "items": []
                },
                {
                        "symbol": "*",
                        "items": []
                },
                {
                        "symbol": "*",
                        "items": []
                },
                {
                        "symbol": "_",
                        "items": []
               },
                {
                        "symbol": "_",
                        "items": []
                },
                {
                        "symbol": "_",
                        "items": []
                },
                {
                        "symbol": "_",
                        "items": []
                },
                {
                        "symbol": "_",
                        "items": []
                }
        ],
        [
                {
                        "symbol": "_",
                        "items": []
                },
                {
                        "symbol": "_",
                        "items": []
                },
                {
                        "symbol": "_",
                        "items": []
                },
                {
                       "symbol": "_",
                        "items": []
                },
                {
                        "symbol": "_",
                        "items": []
                },
                {
                        "symbol": "*",
                        "items": []
                },
                {
                        "symbol": "_",
                        "items": []
                },
                {
                       "symbol": "_",
                        "items": []
                },
                {
                        "symbol": "_",
                        "items": []
                },
                {
                        "symbol": "_",
                        "items": []
                },
                {
                        "symbol": "_",
                        "items": []
                },
                {
                        "symbol": "_",
                        "items": []
                },
                {
                        "symbol": "*",
                        "items": []
                },
                {
                        "symbol": "_",
                        "items": []
                },
                {
                        "symbol": "_",
                        "items": []
                },
                {
                        "symbol": "_",
                        "items": []
                },
                {
                        "symbol": "_",
                        "items": []
                },
                {
                        "symbol": "_",
                        "items": []
                }
        ],
        [
                {
                        "symbol": "_",
                        "items": []
               },
                {
                        "symbol": "_",
                        "items": []
                },
                {
                        "symbol": "_",
                        "items": []
                },
                {
                        "symbol": "_",
                        "items": []
                },
                {
                        "symbol": "_",
                        "items": []
                },
                {
                        "symbol": "*",
                        "items": []
                },
                {
                        "symbol": "_",
                        "items": []
                },
                {
                        "symbol": "_",
                        "items": []
                },
                {
                        "symbol": "_",
                        "items": []
                },
                {
                        "symbol": "_",
                        "items": []
                },
                {
                        "symbol": "_",
                        "items": []
                },
                {
                        "symbol": "_",
                        "items": []
                },
                {
                        "symbol": "*",
                        "items": []
                },
                {
                        "symbol": "_",
                        "items": []
                },
                {
                        "symbol": "_",
                        "items": []
                },
                {
                        "symbol": "_",
                        "items": []
                },
                {
                        "symbol": "_",
                        "items": []
                },
                {
                        "symbol": "_",
                        "items": []
                }
        ],
        [
                {
                        "symbol": "_",
                        "items": []
                },
                {
                        "symbol": "_",
                        "items": []
                },
                {
                        "symbol": "_",
                        "items": []
                },
                {
                        "symbol": "_",
                        "items": []
                },
                {
                        "symbol": "_",
                        "items": []
                },
                {
                        "symbol": "d",
                        "items": []
                },
                {
                        "symbol": "_",
                        "items": []
                },
                {
                        "symbol": "_",
                        "items": []
                },
                {
                        "symbol": "_",
                        "items": []
                },
                {
                        "symbol": "_",
                        "items": [
                                "Green Coin"
                        ]
                },
                {
                        "symbol": "_",
                        "items": []
                },
                {
                        "symbol": "_",
                        "items": []
                },
                {
                        "symbol": "*",
                        "items": []
                },
                {
                        "symbol": "_",
                        "items": []
                },
                {
                        "symbol": "_",
                        "items": []
                },
                {
                        "symbol": "_",
                        "items": []
                },
                {
                        "symbol": "_",
                        "items": []
                },
                {
                        "symbol": "_",
                        "items": []
               }
        ],
        [
                {
                        "symbol": "_",
                        "items": []
                },
                {
                        "symbol": "_",
                        "items": []
                },
                {
                        "symbol": "_",
                        "items": []
                },
                {
                        "symbol": "_",
                        "items": []
                },
                {
                        "symbol": "_",
                        "items": []
                },
                {
                        "symbol": "d",
                        "items": []
                },
                {
                        "symbol": "_",
                        "items": []
                },
                {
                       "symbol": "_",
                        "items": []
                },
                {
                        "symbol": "_",
                        "items": []
                },
                {
                        "symbol": "_",
                        "items": []
                },
                {
                        "symbol": "_",
                        "items": []
                },
                {
                        "symbol": "_",
                        "items": []
                },
                {
                        "symbol": "*",
                        "items": []
                },
                {
                        "symbol": "_",
                        "items": []
                },
                {
                        "symbol": "_",
                        "items": []
                },
                {
                       "symbol": "_",
                        "items": []
                },
                {
                        "symbol": "_",
                        "items": []
                },
                {
                        "symbol": "_",
                        "items": []
                }
        ],
        [
                {
                        "symbol": "_",
                        "items": []
               },
                {
                        "symbol": "_",
                        "items": []
                },
                {
                        "symbol": "_",
                        "items": []
                },
                {
                        "symbol": "_",
                        "items": []
                },
                {
                        "symbol": "_",
                        "items": []
               },
                {
                        "symbol": "*",
                        "items": []
                },
                {
                        "symbol": "*",
                        "items": []
                },
                {
                        "symbol": "*",
                        "items": []
                },
                {
                        "symbol": "d",
                        "items": []
               },
                {
                        "symbol": "*",
                        "items": []
                },
                {
                        "symbol": "*",
                        "items": []
                },
                {
                        "symbol": "*",
                        "items": []
                },
                {
                        "symbol": "*",
                        "items": []
               },
                {
                        "symbol": "*",
                        "items": []
                },
                {
                        "symbol": "*",
                        "items": []
                },
                {
                        "symbol": "*",
                        "items": []
                },
                {
                        "symbol": "s",
                        "items": []
                },
                {
                        "symbol": "*",
                        "items": []
                }
        ],
        [
                {
                        "symbol": "_",
                        "items": []
                },
                {
                        "symbol": "_",
                        "items": []
                },
                {
                        "symbol": "_",
                        "items": []
                },
                {
                        "symbol": "_",
                        "items": []
                },
                {
                        "symbol": "_",
                        "items": []
                },
                {
                        "symbol": "_",
                        "items": []
                },
                {
                       "symbol": "_",
                        "items": []
                },
                {
                        "symbol": "_",
                        "items": []
                },
                {
                        "symbol": "_",
                        "items": []
                },
                {
                        "symbol": "_",
                        "items": []
                },
                {
                       "symbol": "_",
                        "items": []
                },
                {
                        "symbol": "_",
                        "items": []
                },
                {
                        "symbol": "*",
                        "items": []
                },
                {
                        "symbol": "_",
                        "items": []
                },
                {
                        "symbol": "_",
                        "items": []
                },
                {
                        "symbol": "_",
                        "items": []
                },
                {
                        "symbol": "_",
                        "items": []
                },
                {
                        "symbol": "x",
                        "items": []
                }
        ]
]